syntax error at test line 7, near "perl my "
Execution of test aborted due to compilation errors.
