ERROR! cannot open file for reading: planes2box.dtag
