PostScript files loaded from /opt/dtag/
{"adj" => [], "comp" => [], "land" => [], "other" => []}

