PostScript files loaded from /opt/dtag/
L0
L1
L2

