0:1:0:mand1|def
1:2:0:pukkel1|pl 1:2:0:pukl1|pres

3:4:0:træk1|past
4:5:0:træk1|pres 4:5:0:trækker1
