PostScript files loaded from /opt/dtag/

WARNING! You have unsaved graphs!
Type 'exit' or 'exit!' if you really want to quit...

