PostScript files loaded from /opt/dtag/
undef
undef
undef

WARNING! You have unsaved graphs!
Type 'exit' or 'exit!' if you really want to quit...

