PostScript files loaded from /opt/dtag/
["1", "A"]

