ERROR! cannot read file /opt/dta/arcs.header in Graph->readfile
check that DTAGHOME is set correctly!
ERROR! cannot read file /opt/dta/arcs.trailer in Graph->readfile
check that DTAGHOME is set correctly!
t: super=[] lvars=[comp=hash([dobj=noun,subj=noun]-[], 3)]

