PostScript files loaded from /opt/dtag/
edge(in= out= type=)
edge(in=1 out=2 type=3)
