ERROR! cannot read file /opt/dta/arcs.header in Graph->readfile
check that DTAGHOME is set correctly!
ERROR! cannot read file /opt/dta/arcs.trailer in Graph->readfile
check that DTAGHOME is set correctly!
1. self() = self()
2. dep('t') = dep(t)
3. left('t') = left(t)
4. right('t') = right(t)
5. gov('t') = gov(t)
6. lsite('t') = lsite(t)
7. island('t') = island(t)
8. sem('n', 't') = sem(n, t)
9. is('n', 't') = is(n, t)
10. dist('n') = dist(n)
11. card('x') = card(x)
12. AND('x1', 'x2', 'x3', 'x4') = and(x1, x2, x3, x4)
13. OR('x1', 'x2', 'x3', 'x4') = or(x1, x2, x3, x4)
14. NOT('x') = not(x)
15. self() < dep('a') = lt(self(), dep(a))
16. self() > dep('b') = gt(self(), dep(b))
17. self() != dep('a') = ne(self(), dep(a))
18. dep('a') == left('b') = eq(dep(a), left(b))
19. AND(dep('a'), left('b')) = and(dep(a), left(b))
20. card(dep('a')) = card(dep(a))
21. left('word') = left(word)
22. right('word') = right(word)
23. dep('word') = dep(word)
24. diff('a', 'b', 'c') = diff(a, b, c)
25. parent('t') = parent(t)
26. child('t') = child(t)
27. dep('b') * dep('a') = mul(dep(b), dep(a))
28. dep('a') * dist('a') = mul(dep(a), dist(a))
29. dep('a') * int(5) = mul(dep(a), 5)
30. 5 * dep('a') = mul(dep(a), 5)
