ERROR! cannot read file /opt/dta/arcs.header in Graph->readfile
check that DTAGHOME is set correctly!
ERROR! cannot read file /opt/dta/arcs.trailer in Graph->readfile
check that DTAGHOME is set correctly!
isa(a, a) = 1 = 1
isa(a, b) = 0 = 0
isa(x, a) = 0 = 0
isa(a, -a) = 0 = 0
isa(b, -a) = 1 = 1
isa(ab, -a) = 0 = 0
isa(a, a+b) = 0 = 0
isa(a, a-b) = 1 = 1
isa(a, a|b) = 1 = 1
isa(b, a+b) = 0 = 0
isa(b, a-b) = 0 = 0
isa(b, a|b) = 1 = 1
isa(ab, a+b) = 1 = 1
isa(ab, a-b) = 0 = 0
isa(ab, a|b) = 1 = 1
isa(abc, a+b+c) = 1 = 1
isa(abc, (a+b)+c) = 1 = 1
isa(abc, a+(b+c)) = 1 = 1
isa(abc, a-(b+c)) = 0 = 0
isa(a, a-(b+c)) = 1 = 1
isa(ab, a-(b+c)) = 1 = 1
isa(ab, a-(b|c)) = 0 = 0
isa(a, a-(b|c)) = 1 = 1
isa(x, a-(b|c)) = 0 = 0
isa(abc, a|(b+c)) = 1 = 1
isa(bc, a|(b+c)) = 1 = 1
isa(b, a|(b+c)) = 0 = 0
isa(a, a+(b-c)) = 0 = 0
isa(ab, a+(b-c)) = 1 = 1
isa(abc, a+(b-c)) = 0 = 0
isa(ac, a-(b-c)) = 1 = 1
isa(ab, a-(b-c)) = 0 = 0
isa(abc, a-(b-c)) = 1 = 1
isa(b, a-(b-c)) = 0 = 0
isa(ac, a|(b-c)) = 1 = 1
isa(bc, a|(b-c)) = 0 = 0
isa(b, a|(b-c)) = 1 = 1
isa(b, a+(b|c)) = 0 = 0
isa(ac, a+(b|c)) = 1 = 1
isa(abc, a+(b|c)) = 1 = 1
isa(ac, a-(b|c)) = 0 = 0
isa(a, a-(b|c)) = 1 = 1
isa(x, a-(b|c)) = 0 = 0
isa(c, a|(b|c)) = 1 = 1
isa(bc, a|(b|c)) = 1 = 1
isa(x, a|(b|c)) = 0 = 0
