input = koen
matches = ko/ko1 koen/ko1|def
input = koen
matches = ko/ko1 koen/ko1|def
input = puklerne
matches = pukl/pukl1 pukle/pukl1|inf pukler/pukl1|pres
input = manden
matches = mand/mand1 manden/mand1|def
input = mændene
matches = mænd/mand1|pl mændene/mand1|pl|def
input = koen
matches = ko/ko1 koen/ko1|def
input = køen
matches = kø/kø1 køen/kø1|def
input = køerne
matches = kø/kø1 køer/ko1|pl køer/kø1|pl køerne/ko1|pl|def køerne/kø1|pl|def
input = trækul
matches = træ/træ1 træk/træk1 træk/træk2 træk/træk2|pl
