ERROR! cannot read file /opt/dta/arcs.header in Graph->readfile
check that DTAGHOME is set correctly!
ERROR! cannot read file /opt/dta/arcs.trailer in Graph->readfile
check that DTAGHOME is set correctly!
1 = 1
0 = 0
1 = 1
1 = 1
0 = 0
0 = 0
0 = 0
0 = 0
1 = 1
1 = 1
0 = 0
1 = 1
1 = 1
0 = 0
0 = 0
0 = 0
0 = 0
1 = 1
