PostScript files loaded from /opt/dtag/
0| <s>
1: <W gloss="They" msd="PP" in="2:subj" out="">De</W>
2: <W gloss="are" msd="VA" in="" out="1:subj|4:pnct">er</W>
3: <W gloss="longer" msd="RG" in="" out="">længere</W>
4: <W gloss="." msd="XP" in="2:pnct" out="">.</W>

WARNING! You have unsaved graphs!
Type 'exit' or 'exit!' if you really want to quit...

